database/schema/agents.ts(50,14): error TS7022: 'agents' implicitly has type 'any' because it does not have a type annotation and is referenced directly or indirectly in its own initializer.
database/schema/agents.ts(64,55): error TS7024: Function implicitly has return type 'any' because it does not have a return type annotation and is referenced directly or indirectly in one of its return expressions.
src/database/connection.ts(9,25): error TS6059: File 'C:/Users/ashut/OneDrive/Documents/web3 bounty issues/ds-defi-core/database/schema/agents.ts' is not under 'rootDir' 'C:/Users/ashut/OneDrive/Documents/web3 bounty issues/ds-defi-core/src'. 'rootDir' is expected to contain all source files.
  The file is in the program because:
    Imported via '../../database/schema/agents.js' from file 'C:/Users/ashut/OneDrive/Documents/web3 bounty issues/ds-defi-core/src/database/connection.ts'
    Imported via '../../database/schema/agents.js' from file 'C:/Users/ashut/OneDrive/Documents/web3 bounty issues/ds-defi-core/src/graphql/resolvers.ts'
    Matched by include pattern 'database/**/*' in 'C:/Users/ashut/OneDrive/Documents/web3 bounty issues/ds-defi-core/tsconfig.json'
  File is ECMAScript module because 'C:/Users/ashut/OneDrive/Documents/web3 bounty issues/ds-defi-core/package.json' has field "type" with value "module"
src/graphql/resolvers.ts(228,15): error TS2488: Type 'any[] | QueryResult<never>' must have a '[Symbol.iterator]()' method that returns an iterator.
src/index.ts(53,7): error TS2322: Type '({ request, reply, }: { request: FastifyRequest<RouteGenericInterface, RawServerDefault, IncomingMessage, FastifySchema, FastifyTypeProviderDefault, unknown, FastifyBaseLogger, ResolveFastifyRequestType<...>>; reply: FastifyReply<...>; }) => Promise<...>' is not assignable to type 'ApolloFastifyContextFunction<Context, Server<typeof IncomingMessage, typeof ServerResponse>, RouteGenericInterface>'.
  Types of parameters '__0' and 'request' are incompatible.
    Type 'FastifyRequest<RouteGenericInterface, Server<typeof IncomingMessage, typeof ServerResponse>, IncomingMessage, ... 4 more ..., ResolveFastifyRequestType<...>>' is missing the following properties from type '{ request: FastifyRequest<RouteGenericInterface, RawServerDefault, IncomingMessage, FastifySchema, FastifyTypeProviderDefault, unknown, FastifyBaseLogger, ResolveFastifyRequestType<...>>; reply: FastifyReply<...>; }': request, reply
